============================= test session starts =============================
platform win32 -- Python 3.13.5, pytest-9.1.1, pluggy-1.6.0 -- C:\Users\sachi\.gemini\antigravity-ide\scratch\ASTRONOVA\venv\Scripts\python.exe
cachedir: .pytest_cache
rootdir: C:\Users\sachi\.gemini\antigravity-ide\scratch\ASTRONOVA
configfile: pyproject.toml
plugins: anyio-4.14.1, asyncio-1.4.0, cov-7.1.0
asyncio: mode=Mode.AUTO, debug=False, asyncio_default_fixture_loop_scope=None, asyncio_default_test_loop_scope=function
collecting ... 
