Traceback (most recent call last):
  File "<frozen runpy>", line 198, in _run_module_as_main
  File "<frozen runpy>", line 88, in _run_code
  File "C:\Users\sachi\AppData\Local\Programs\Python\Python311\Scripts\uvicorn.exe\__main__.py", line 7, in <module>
  File "C:\Users\sachi\AppData\Local\Programs\Python\Python311\Lib\site-packages\click\core.py", line 1569, in __call__
    return self.main(*args, **kwargs)
           ^^^^^^^^^^^^^^^^^^^^^^^^^^
  File "C:\Users\sachi\AppData\Local\Programs\Python\Python311\Lib\site-packages\click\core.py", line 1490, in main
    rv = self.invoke(ctx)
         ^^^^^^^^^^^^^^^^
  File "C:\Users\sachi\AppData\Local\Programs\Python\Python311\Lib\site-packages\click\core.py", line 1353, in invoke
    return ctx.invoke(self.callback, **ctx.params)
           ^^^^^^^^^^^^^^^^^^^^^^^^^^^^^^^^^^^^^^^
  File "C:\Users\sachi\AppData\Local\Programs\Python\Python311\Lib\site-packages\click\core.py", line 907, in invoke
    return callback(*args, **kwargs)
           ^^^^^^^^^^^^^^^^^^^^^^^^^
  File "C:\Users\sachi\AppData\Local\Programs\Python\Python311\Lib\site-packages\uvicorn\main.py", line 440, in main
    run(
  File "C:\Users\sachi\AppData\Local\Programs\Python\Python311\Lib\site-packages\uvicorn\main.py", line 609, in run
    config.load_app()
  File "C:\Users\sachi\AppData\Local\Programs\Python\Python311\Lib\site-packages\uvicorn\config.py", line 427, in load_app
    return import_from_string(self.app)
           ^^^^^^^^^^^^^^^^^^^^^^^^^^^^
  File "C:\Users\sachi\AppData\Local\Programs\Python\Python311\Lib\site-packages\uvicorn\importer.py", line 19, in import_from_string
    module = importlib.import_module(module_str)
             ^^^^^^^^^^^^^^^^^^^^^^^^^^^^^^^^^^^
  File "C:\Users\sachi\AppData\Local\Programs\Python\Python311\Lib\importlib\__init__.py", line 126, in import_module
    return _bootstrap._gcd_import(name[level:], package, level)
           ^^^^^^^^^^^^^^^^^^^^^^^^^^^^^^^^^^^^^^^^^^^^^^^^^^^^
  File "<frozen importlib._bootstrap>", line 1206, in _gcd_import
  File "<frozen importlib._bootstrap>", line 1178, in _find_and_load
  File "<frozen importlib._bootstrap>", line 1149, in _find_and_load_unlocked
  File "<frozen importlib._bootstrap>", line 690, in _load_unlocked
  File "<frozen importlib._bootstrap_external>", line 936, in exec_module
  File "<frozen importlib._bootstrap_external>", line 1074, in get_code
  File "<frozen importlib._bootstrap_external>", line 1004, in source_to_code
  File "<frozen importlib._bootstrap>", line 241, in _call_with_frames_removed
  File "C:\Users\sachi\OneDrive\Documents\ASTRONOVA\services\physics_engine\main.py", line 3
    '''\n\nfrom fastapi import FastAPI\nfrom services.physics_engine.routers import physics\nfrom astronova_core.logging import setup_logging\n\nsetup_logging("physics-engine-service")\n\napp = FastAPI(\n    title="Astronova Physics Engine Service",\n    description="Provides physics-informed metrics for solar flare forecasting.",\n    version="0.1.0"\n)\n\napp.include_router(physics.router)\n\n@app.get("/health")\nasync def health_check():\n    return {"status": "ok"}\n
                                                                                                                    ^
SyntaxError: unexpected character after line continuation character
